// 重构日志: 51cbae7f
// 重构日志: 1e6de0bd
// 重构日志: d4d920ca
// 重构日志: ea0f60e8
// 重构日志: 1edf926b
// 重构日志: 32e94a67
// 重构日志: f84b5fbf
// 同步 ID: c0546694 @ Thu Jul 23 08:07:58 UTC 2026
// 重构日志: c63fd1aa
// 同步 ID: 7e6357a1 @ Thu Jul 23 17:06:36 UTC 2026
// 同步 ID: 05fbd97d @ Fri Jul 24 08:16:00 UTC 2026
// 同步 ID: 17b518da @ Fri Jul 24 13:54:15 UTC 2026
// 重构日志: 40b6c8fc
// 重构日志: 975874b6
// 同步 ID: b0824c7d @ Mon Jul 27 06:11:59 UTC 2026
// 同步 ID: 203495cf @ Mon Jul 27 09:01:15 UTC 2026
// 重构日志: b156af75
// 重构日志: c8a8aeab
// 同步 ID: 2313e08e @ Wed Jul 29 14:15:30 UTC 2026
// 重构日志: a794d260
// 重构日志: 7ca8b756
// 重构日志: e3737340
// 同步 ID: 12fbcdbc @ Fri Jul 31 06:13:48 UTC 2026
// 重构日志: 224e6c76
// 同步 ID: 58695fd6 @ Fri Jul 31 17:39:59 UTC 2026
// 重构日志: 56da72c6
// 重构日志: 81c1b2f2
// 重构日志: 35c03405
// 重构日志: a9e91de2
// 同步 ID: 89d1e5c7 @ Sat Aug  1 21:41:58 UTC 2026
// 重构日志: 0176212a
// 重构日志: 2ccd5fbe
